// Jest Snapshot v1, https://goo.gl/fbAQLP

exports[`ProjectContainer renders fetched and normalized data 1`] = `
<section
  class="section"
  style="padding-bottom: 12rem;"
>
  <div
    class="columns"
  >
    <div
      class="column"
      style="min-height: 70vh;"
    >
      <h4
        class="title is-4 has-text-centered"
      >
        Pending
      </h4>
    </div>
    <div
      class="column"
      style="min-height: 70vh;"
    >
      <h4
        class="title is-4 has-text-centered"
      >
        Started
      </h4>
    </div>
    <div
      class="column"
      style="min-height: 70vh;"
    >
      <h4
        class="title is-4 has-text-centered"
      >
        Review
      </h4>
    </div>
    <div
      class="column"
      style="min-height: 70vh;"
    >
      <h4
        class="title is-4 has-text-centered"
      >
        Accepted | Done
      </h4>
      <div
        class="card"
        data-current-state="accepted"
        data-story-id="563"
        data-story-type="feature"
        data-url="http://localhost/story/show/563"
        draggable="true"
      >
        <div
          class="card-content"
        >
          <div
            class="subtitle is-4"
          >
            <a
              class="has-text-grey-dark has-hover-underline"
              href="http://localhost/story/show/563"
              rel="noopener noreferrer"
              target="_blank"
            >
              Complete construction of the Expeditionary Battle Planetoid
            </a>
          </div>
          <div
            class="media"
          >
            <div
              class="media-content"
            >
              <div
                class="tags has-addons is-marginless"
              >
                <div
                  class="tag is-primary"
                  data-testid="feature-tag"
                >
                  <span
                    class="icon"
                  >
                    <svg
                      aria-hidden="true"
                      class="svg-inline--fa fa-star fa-w-18 "
                      data-icon="star"
                      data-prefix="fas"
                      focusable="false"
                      role="img"
                      viewBox="0 0 576 512"
                      xmlns="http://www.w3.org/2000/svg"
                    >
                      <path
                        d="M259.3 17.8L194 150.2 47.9 171.5c-26.2 3.8-36.7 36.1-17.7 54.6l105.7 103-25 145.5c-4.5 26.3 23.2 46 46.4 33.7L288 439.6l130.7 68.7c23.2 12.2 50.9-7.4 46.4-33.7l-25-145.5 105.7-103c19-18.5 8.5-50.8-17.7-54.6L382 150.2 316.7 17.8c-11.7-23.6-45.6-23.9-57.4 0z"
                        fill="currentColor"
                      />
                    </svg>
                  </span>
                </div>
                <span
                  class="tag is-dark"
                  data-testid="estimate-tag"
                >
                  3
                </span>
                <div
                  class="tag"
                  data-testid="label-tag"
                >
                  plans
                </div>
              </div>
            </div>
            <div
              class="media-right"
            >
              <div
                class="tags is-marginless"
                data-testid="owners"
              >
                <div
                  class="tag is-rounded"
                >
                  <span
                    class="is-uppercase"
                    title="Wilhuff Tarkin"
                  >
                    WT
                  </span>
                </div>
                <div
                  class="tag is-rounded"
                >
                  <span
                    class="is-uppercase"
                    title="Darth Vader"
                  >
                    DV
                  </span>
                </div>
              </div>
            </div>
          </div>
        </div>
        <span
          class="tag is-warning"
          data-testid="blocked-tag"
          style="position: absolute; top: 10px; right: 0px; height: 1.75em; font-size: .65rem; opacity: 1; border-top-right-radius: 0; border-bottom-right-radius: 0;"
        >
          Blocked
        </span>
      </div>
      <div
        class="card"
        data-current-state="accepted"
        data-story-id="564"
        data-story-type="feature"
        data-url="http://localhost/story/show/564"
        draggable="true"
      >
        <div
          class="card-content"
        >
          <div
            class="subtitle is-4"
          >
            <a
              class="has-text-grey-dark has-hover-underline"
              href="http://localhost/story/show/564"
              rel="noopener noreferrer"
              target="_blank"
            >
              Test the Expeditionary Battle Planetoid
            </a>
          </div>
          <div
            class="media"
          >
            <div
              class="media-content"
            >
              <div
                class="tags has-addons is-marginless"
              >
                <div
                  class="tag is-primary"
                  data-testid="feature-tag"
                >
                  <span
                    class="icon"
                  >
                    <svg
                      aria-hidden="true"
                      class="svg-inline--fa fa-star fa-w-18 "
                      data-icon="star"
                      data-prefix="fas"
                      focusable="false"
                      role="img"
                      viewBox="0 0 576 512"
                      xmlns="http://www.w3.org/2000/svg"
                    >
                      <path
                        d="M259.3 17.8L194 150.2 47.9 171.5c-26.2 3.8-36.7 36.1-17.7 54.6l105.7 103-25 145.5c-4.5 26.3 23.2 46 46.4 33.7L288 439.6l130.7 68.7c23.2 12.2 50.9-7.4 46.4-33.7l-25-145.5 105.7-103c19-18.5 8.5-50.8-17.7-54.6L382 150.2 316.7 17.8c-11.7-23.6-45.6-23.9-57.4 0z"
                        fill="currentColor"
                      />
                    </svg>
                  </span>
                </div>
                <span
                  class="tag is-dark"
                  data-testid="estimate-tag"
                >
                  3
                </span>
                <div
                  class="tag"
                  data-testid="label-tag"
                >
                  plans
                </div>
              </div>
            </div>
            <div
              class="media-right"
            >
              <div
                class="tags is-marginless"
                data-testid="owners"
              >
                <div
                  class="tag is-rounded"
                >
                  <span
                    class="is-uppercase"
                    title="Wilhuff Tarkin"
                  >
                    WT
                  </span>
                </div>
              </div>
            </div>
          </div>
        </div>
        <span
          class="tag is-warning"
          data-testid="blocked-tag"
          style="position: absolute; top: 10px; right: 0px; height: 1.75em; font-size: .65rem; opacity: 0; border-top-right-radius: 0; border-bottom-right-radius: 0;"
        >
          Blocked
        </span>
      </div>
    </div>
  </div>
</section>
`;
